Archive member included to satisfy reference by file (symbol)

../lib/librob.a(commun.o)     robot.o (commun::delai_ms(unsigned int))
../lib/librob.a(notes.o)      robot.o (playNote(unsigned char))
../lib/librob.a(display.o)    robot.o (Display::Display())
../lib/librob.a(del.o)        robot.o (DEL::DEL())
../lib/librob.a(moteur.o)     robot.o (Moteur::Moteur())
../lib/librob.a(sonar.o)      ../lib/librob.a(moteur.o) (Sonar::Sonar())
../lib/librob.a(interrupt.o)  main.o (Interrupt::isButtonPressed())
../lib/librob.a(minuterie.o)  ../lib/librob.a(notes.o) (startTimer0CTC(unsigned char, unsigned char))
../lib/librob.a(lcm_so1602dtr_m.o)
                              ../lib/librob.a(display.o) (lcmd_disp_clear(unsigned char volatile*))
../lib/librob.a(SuiveurLigneCytron_LSS05.o)
                              ../lib/librob.a(moteur.o) (SuiveurLigneCytron_LSS05::SuiveurLigneCytron_LSS05())
/usr/lib/gcc/avr/9.2.0/avr5/libgcc.a(_udivmodhi4.o)
                              ../lib/librob.a(sonar.o) (__udivmodhi4)
/usr/lib/gcc/avr/9.2.0/avr5/libgcc.a(_exit.o)
                              /usr/lib/gcc/avr/9.2.0/../../../../avr/lib/avr5/crtatmega324pa.o (exit)
/usr/lib/gcc/avr/9.2.0/avr5/libgcc.a(_tablejump2.o)
                              ../lib/librob.a(SuiveurLigneCytron_LSS05.o) (__tablejump2__)
/usr/lib/gcc/avr/9.2.0/avr5/libgcc.a(_copy_data.o)
                              main.o (__do_copy_data)
/usr/lib/gcc/avr/9.2.0/avr5/libgcc.a(_clear_bss.o)
                              main.o (__do_clear_bss)
/usr/lib/gcc/avr/9.2.0/avr5/libgcc.a(_ctors.o)
                              main.o (__do_global_ctors)
/usr/lib/gcc/avr/9.2.0/../../../../avr/lib/avr5/libm.a(addsf3.o)
                              ../lib/librob.a(notes.o) (__subsf3)
/usr/lib/gcc/avr/9.2.0/../../../../avr/lib/avr5/libm.a(addsf3x.o)
                              /usr/lib/gcc/avr/9.2.0/../../../../avr/lib/avr5/libm.a(addsf3.o) (__addsf3x)
/usr/lib/gcc/avr/9.2.0/../../../../avr/lib/avr5/libm.a(divsf3.o)
                              ../lib/librob.a(notes.o) (__divsf3)
/usr/lib/gcc/avr/9.2.0/../../../../avr/lib/avr5/libm.a(divsf3x.o)
                              /usr/lib/gcc/avr/9.2.0/../../../../avr/lib/avr5/libm.a(divsf3.o) (__divsf3x)
/usr/lib/gcc/avr/9.2.0/../../../../avr/lib/avr5/libm.a(fixunssfsi.o)
                              ../lib/librob.a(notes.o) (__fixunssfsi)
/usr/lib/gcc/avr/9.2.0/../../../../avr/lib/avr5/libm.a(fp_inf.o)
                              /usr/lib/gcc/avr/9.2.0/../../../../avr/lib/avr5/libm.a(addsf3x.o) (__fp_inf)
/usr/lib/gcc/avr/9.2.0/../../../../avr/lib/avr5/libm.a(fp_nan.o)
                              /usr/lib/gcc/avr/9.2.0/../../../../avr/lib/avr5/libm.a(addsf3x.o) (__fp_nan)
/usr/lib/gcc/avr/9.2.0/../../../../avr/lib/avr5/libm.a(fp_pscA.o)
                              /usr/lib/gcc/avr/9.2.0/../../../../avr/lib/avr5/libm.a(addsf3x.o) (__fp_pscA)
/usr/lib/gcc/avr/9.2.0/../../../../avr/lib/avr5/libm.a(fp_pscB.o)
                              /usr/lib/gcc/avr/9.2.0/../../../../avr/lib/avr5/libm.a(addsf3x.o) (__fp_pscB)
/usr/lib/gcc/avr/9.2.0/../../../../avr/lib/avr5/libm.a(fp_round.o)
                              /usr/lib/gcc/avr/9.2.0/../../../../avr/lib/avr5/libm.a(addsf3.o) (__fp_round)
/usr/lib/gcc/avr/9.2.0/../../../../avr/lib/avr5/libm.a(fp_split3.o)
                              /usr/lib/gcc/avr/9.2.0/../../../../avr/lib/avr5/libm.a(addsf3x.o) (__fp_split3)
/usr/lib/gcc/avr/9.2.0/../../../../avr/lib/avr5/libm.a(fp_zero.o)
                              /usr/lib/gcc/avr/9.2.0/../../../../avr/lib/avr5/libm.a(addsf3x.o) (__fp_zero)
/usr/lib/gcc/avr/9.2.0/../../../../avr/lib/avr5/libm.a(mulsf3.o)
                              ../lib/librob.a(notes.o) (__mulsf3)
/usr/lib/gcc/avr/9.2.0/../../../../avr/lib/avr5/libm.a(mulsf3x.o)
                              /usr/lib/gcc/avr/9.2.0/../../../../avr/lib/avr5/libm.a(mulsf3.o) (__mulsf3x)

Memory Configuration

Name             Origin             Length             Attributes
text             0x0000000000000000 0x0000000000020000 xr
data             0x0000000000800060 0x000000000000ffa0 rw !x
eeprom           0x0000000000810000 0x0000000000010000 rw !x
fuse             0x0000000000820000 0x0000000000000400 rw !x
lock             0x0000000000830000 0x0000000000000400 rw !x
signature        0x0000000000840000 0x0000000000000400 rw !x
user_signatures  0x0000000000850000 0x0000000000000400 rw !x
*default*        0x0000000000000000 0xffffffffffffffff

Linker script and memory map

Address of section .data set to 0x800100
LOAD /usr/lib/gcc/avr/9.2.0/../../../../avr/lib/avr5/crtatmega324pa.o
LOAD main.o
LOAD robot.o
LOAD /usr/lib/gcc/avr/9.2.0/../../../../avr/lib/avr5/libm.a
LOAD ../lib/librob.a
START GROUP
LOAD /usr/lib/gcc/avr/9.2.0/avr5/libgcc.a
LOAD /usr/lib/gcc/avr/9.2.0/../../../../avr/lib/avr5/libm.a
LOAD /usr/lib/gcc/avr/9.2.0/../../../../avr/lib/avr5/libc.a
LOAD /usr/lib/gcc/avr/9.2.0/../../../../avr/lib/avr5/libatmega324pa.a
END GROUP
                0x0000000000020000                __TEXT_REGION_LENGTH__ = DEFINED (__TEXT_REGION_LENGTH__)?__TEXT_REGION_LENGTH__:0x20000
                0x000000000000ffa0                __DATA_REGION_LENGTH__ = DEFINED (__DATA_REGION_LENGTH__)?__DATA_REGION_LENGTH__:0xffa0
                0x0000000000010000                __EEPROM_REGION_LENGTH__ = DEFINED (__EEPROM_REGION_LENGTH__)?__EEPROM_REGION_LENGTH__:0x10000
                0x0000000000000400                __FUSE_REGION_LENGTH__ = DEFINED (__FUSE_REGION_LENGTH__)?__FUSE_REGION_LENGTH__:0x400
                0x0000000000000400                __LOCK_REGION_LENGTH__ = DEFINED (__LOCK_REGION_LENGTH__)?__LOCK_REGION_LENGTH__:0x400
                0x0000000000000400                __SIGNATURE_REGION_LENGTH__ = DEFINED (__SIGNATURE_REGION_LENGTH__)?__SIGNATURE_REGION_LENGTH__:0x400
                0x0000000000000400                __USER_SIGNATURE_REGION_LENGTH__ = DEFINED (__USER_SIGNATURE_REGION_LENGTH__)?__USER_SIGNATURE_REGION_LENGTH__:0x400

.hash
 *(.hash)

.dynsym
 *(.dynsym)

.dynstr
 *(.dynstr)

.gnu.version
 *(.gnu.version)

.gnu.version_d
 *(.gnu.version_d)

.gnu.version_r
 *(.gnu.version_r)

.rel.init
 *(.rel.init)

.rela.init
 *(.rela.init)

.rel.text
 *(.rel.text)
 *(.rel.text.*)
 *(.rel.gnu.linkonce.t*)

.rela.text
 *(.rela.text)
 *(.rela.text.*)
 *(.rela.gnu.linkonce.t*)

.rel.fini
 *(.rel.fini)

.rela.fini
 *(.rela.fini)

.rel.rodata
 *(.rel.rodata)
 *(.rel.rodata.*)
 *(.rel.gnu.linkonce.r*)

.rela.rodata
 *(.rela.rodata)
 *(.rela.rodata.*)
 *(.rela.gnu.linkonce.r*)

.rel.data
 *(.rel.data)
 *(.rel.data.*)
 *(.rel.gnu.linkonce.d*)

.rela.data
 *(.rela.data)
 *(.rela.data.*)
 *(.rela.gnu.linkonce.d*)

.rel.ctors
 *(.rel.ctors)

.rela.ctors
 *(.rela.ctors)

.rel.dtors
 *(.rel.dtors)

.rela.dtors
 *(.rela.dtors)

.rel.got
 *(.rel.got)

.rela.got
 *(.rela.got)

.rel.bss
 *(.rel.bss)

.rela.bss
 *(.rela.bss)

.rel.plt
 *(.rel.plt)

.rela.plt
 *(.rela.plt)

.text           0x0000000000000000     0x19ac
 *(.vectors)
 .vectors       0x0000000000000000       0x7c /usr/lib/gcc/avr/9.2.0/../../../../avr/lib/avr5/crtatmega324pa.o
                0x0000000000000000                __vectors
                0x0000000000000000                __vector_default
 *(.vectors)
 *(.progmem.gcc*)
                0x000000000000007c                . = ALIGN (0x2)
                0x000000000000007c                __trampolines_start = .
 *(.trampolines)
 .trampolines   0x000000000000007c        0x0 linker stubs
 *(.trampolines*)
                0x000000000000007c                __trampolines_end = .
 *libprintf_flt.a:*(.progmem.data)
 *libc.a:*(.progmem.data)
 *(.progmem.*)
                0x000000000000007c                . = ALIGN (0x2)
 *(.lowtext)
 *(.lowtext*)
                0x000000000000007c                __ctors_start = .
 *(.ctors)
 .ctors         0x000000000000007c        0x2 main.o
                0x000000000000007e                __ctors_end = .
                0x000000000000007e                __dtors_start = .
 *(.dtors)
                0x000000000000007e                __dtors_end = .
 SORT_BY_NAME(*)(.ctors)
 SORT_BY_NAME(*)(.dtors)
 *(.init0)
 .init0         0x000000000000007e        0x0 /usr/lib/gcc/avr/9.2.0/../../../../avr/lib/avr5/crtatmega324pa.o
                0x000000000000007e                __init
 *(.init0)
 *(.init1)
 *(.init1)
 *(.init2)
 .init2         0x000000000000007e        0xc /usr/lib/gcc/avr/9.2.0/../../../../avr/lib/avr5/crtatmega324pa.o
 *(.init2)
 *(.init3)
 *(.init3)
 *(.init4)
 .init4         0x000000000000008a       0x16 /usr/lib/gcc/avr/9.2.0/avr5/libgcc.a(_copy_data.o)
                0x000000000000008a                __do_copy_data
 .init4         0x00000000000000a0       0x10 /usr/lib/gcc/avr/9.2.0/avr5/libgcc.a(_clear_bss.o)
                0x00000000000000a0                __do_clear_bss
 *(.init4)
 *(.init5)
 *(.init5)
 *(.init6)
 .init6         0x00000000000000b0       0x16 /usr/lib/gcc/avr/9.2.0/avr5/libgcc.a(_ctors.o)
                0x00000000000000b0                __do_global_ctors
 *(.init6)
 *(.init7)
 *(.init7)
 *(.init8)
 *(.init8)
 *(.init9)
 .init9         0x00000000000000c6        0x8 /usr/lib/gcc/avr/9.2.0/../../../../avr/lib/avr5/crtatmega324pa.o
 *(.init9)
 *(.text)
 .text          0x00000000000000ce        0x4 /usr/lib/gcc/avr/9.2.0/../../../../avr/lib/avr5/crtatmega324pa.o
                0x00000000000000ce                __vector_22
                0x00000000000000ce                __vector_28
                0x00000000000000ce                __vector_24
                0x00000000000000ce                __vector_12
                0x00000000000000ce                __bad_interrupt
                0x00000000000000ce                __vector_6
                0x00000000000000ce                __vector_3
                0x00000000000000ce                __vector_23
                0x00000000000000ce                __vector_30
                0x00000000000000ce                __vector_25
                0x00000000000000ce                __vector_11
                0x00000000000000ce                __vector_13
                0x00000000000000ce                __vector_17
                0x00000000000000ce                __vector_19
                0x00000000000000ce                __vector_7
                0x00000000000000ce                __vector_27
                0x00000000000000ce                __vector_5
                0x00000000000000ce                __vector_4
                0x00000000000000ce                __vector_9
                0x00000000000000ce                __vector_21
                0x00000000000000ce                __vector_15
                0x00000000000000ce                __vector_29
                0x00000000000000ce                __vector_8
                0x00000000000000ce                __vector_26
                0x00000000000000ce                __vector_14
                0x00000000000000ce                __vector_10
                0x00000000000000ce                __vector_16
                0x00000000000000ce                __vector_18
                0x00000000000000ce                __vector_20
 .text          0x00000000000000d2      0x102 main.o
                0x00000000000000d2                __vector_2
                0x0000000000000158                __vector_1
 .text          0x00000000000001d4      0x480 robot.o
                0x00000000000001ec                Robot::Robot()
                0x00000000000001ec                Robot::Robot()
                0x0000000000000226                Robot::setSectionInitial(Section)
                0x000000000000022e                Robot::afficherSection()
                0x0000000000000266                Robot::effectuerRoutineDebut()
                0x000000000000026e                Robot::changerEtat()
                0x00000000000002ac                Robot::changerEtat(Section)
                0x00000000000002b2                Robot::estTerminee()
                0x00000000000002b8                Robot::effectuerCouloir_()
                0x00000000000002f2                Robot::effectuerMur_()
                0x000000000000033a                Robot::effectuerBoucles_()
                0x00000000000004a6                Robot::effectuerCoupures_()
                0x000000000000058a                Robot::effectuerFin_()
                0x000000000000059e                Robot::effectuerTransition_(Transition)
                0x00000000000005f4                Robot::effectuerEtat()
 .text          0x0000000000000654       0x38 ../lib/librob.a(commun.o)
                0x0000000000000654                commun::delai_ms(unsigned int)
                0x0000000000000672                commun::delai_us(unsigned int)
 .text          0x000000000000068c       0xc2 ../lib/librob.a(notes.o)
                0x000000000000068c                playNote(unsigned char)
                0x0000000000000728                playNote(unsigned char, unsigned int, unsigned char)
                0x000000000000074a                stopNote()
 .text          0x000000000000074e       0x7a ../lib/librob.a(display.o)
                0x000000000000074e                Display::Display()
                0x000000000000074e                Display::Display()
                0x0000000000000768                Display::Display(unsigned char volatile*, unsigned char volatile*)
                0x0000000000000768                Display::Display(unsigned char volatile*, unsigned char volatile*)
                0x000000000000077a                Display::effacerAffichage()
                0x0000000000000784                Display::ecrire(char const*)
 .text          0x00000000000007c8      0x1be ../lib/librob.a(del.o)
                0x00000000000007c8                DEL::DEL()
                0x00000000000007c8                DEL::DEL()
                0x00000000000007e8                DEL::DEL(unsigned char volatile*, unsigned char volatile*)
                0x00000000000007e8                DEL::DEL(unsigned char volatile*, unsigned char volatile*)
                0x0000000000000802                DEL::allumerDEL(COULEUR)
                0x000000000000089e                DEL::allumerDEL(COULEUR, unsigned int)
 .text          0x0000000000000986      0x3d6 ../lib/librob.a(moteur.o)
                0x00000000000009a4                Moteur::Moteur()
                0x00000000000009a4                Moteur::Moteur()
                0x00000000000009ca                Moteur::arreter()
                0x00000000000009e8                Moteur::ajusterPWM(unsigned char, unsigned char)
                0x0000000000000a16                Moteur::avancerBoost()
                0x0000000000000a2a                Moteur::avancer()
                0x0000000000000a3c                Moteur::avancerLigne(unsigned int)
                0x0000000000000a86                Moteur::avancerProchainAngleDroit(unsigned int)
                0x0000000000000ac4                Moteur::avancerProchainAngleDroitCoupure(unsigned int)
                0x0000000000000b18                Moteur::avancerProchaineCoupure()
                0x0000000000000b4a                Moteur::avancerProchaineCoupureSansAjustement()
                0x0000000000000b70                Moteur::avancerProchaineCoupureCentre()
                0x0000000000000ba2                Moteur::avancerAjustementMur()
                0x0000000000000c88                Moteur::avancerAjustementCouloir()
                0x0000000000000cac                Moteur::reculer()
                0x0000000000000cbe                Moteur::rotationHoraire(unsigned char)
                0x0000000000000cf0                Moteur::rotationAntiHoraire(unsigned char)
                0x0000000000000d22                Moteur::tournerProchaineCondition(SENS_HORLOGE, TYPE_DETECTION, unsigned char)
 .text          0x0000000000000d5c       0x3c ../lib/librob.a(sonar.o)
                0x0000000000000d5c                Sonar::Sonar()
                0x0000000000000d5c                Sonar::Sonar()
                0x0000000000000d60                Sonar::ecouterEcho()
                0x0000000000000d88                Sonar::envoyerSignal()
 .text          0x0000000000000d98      0x13e ../lib/librob.a(interrupt.o)
                0x0000000000000d98                Interrupt::isButtonPressed()
                0x0000000000000db2                Interrupt::initINTX(unsigned char)
                0x0000000000000e50                Interrupt::initEICRA(TYPE_CONTROLE)
                0x0000000000000eb0                Interrupt::Interrupt(unsigned char, TYPE_CONTROLE)
                0x0000000000000eb0                Interrupt::Interrupt(unsigned char, TYPE_CONTROLE)
 .text          0x0000000000000ed6       0x50 ../lib/librob.a(minuterie.o)
                0x0000000000000ed6                startTimer0CTC(unsigned char, unsigned char)
                0x0000000000000efc                stopTimer0CTC()
                0x0000000000000f04                partirMinuterie2CTC()
                0x0000000000000f18                arreterMinuterie2CTC()
 .text          0x0000000000000f26      0x1ee ../lib/librob.a(lcm_so1602dtr_m.o)
                0x0000000000000fb8                lcmd_disp_clear(unsigned char volatile*)
                0x0000000000000fc4                lcmd_disp_home(unsigned char volatile*)
                0x0000000000000fd0                lcmd_entry_sm(unsigned char, unsigned char, unsigned char volatile*)
                0x0000000000000fe0                lcmd_disp_on_off(unsigned char, unsigned char, unsigned char, unsigned char volatile*)
                0x0000000000000ff8                lcmd_disp_cur_shift(unsigned char, unsigned char, unsigned char volatile*)
                0x0000000000001016                lcmd_func_set(unsigned char, unsigned char, unsigned char volatile*)
                0x0000000000001034                lcmd_cgr_set_addr(unsigned char, unsigned char volatile*)
                0x0000000000001044                lcmd_ddr_set_addr(unsigned char, unsigned char volatile*)
                0x0000000000001052                lcmd_write(unsigned char, unsigned char volatile*)
                0x000000000000105e                lcmd_init_4bit(unsigned char volatile*, unsigned char volatile*)
 .text          0x0000000000001114      0x3f4 ../lib/librob.a(SuiveurLigneCytron_LSS05.o)
                0x0000000000001114                SuiveurLigneCytron_LSS05::SuiveurLigneCytron_LSS05()
                0x0000000000001114                SuiveurLigneCytron_LSS05::SuiveurLigneCytron_LSS05()
                0x000000000000111c                SuiveurLigneCytron_LSS05::corrigerPWMCouloir(unsigned char, unsigned char)
                0x00000000000012f4                SuiveurLigneCytron_LSS05::verifierCondition(TYPE_DETECTION)
                0x0000000000001384                SuiveurLigneCytron_LSS05::verifierConditionDebounce(TYPE_DETECTION, unsigned int)
                0x00000000000013ca                SuiveurLigneCytron_LSS05::verifierNiveauDeviation_()
                0x000000000000143e                SuiveurLigneCytron_LSS05::corrigerPWM(unsigned char, unsigned char)
 .text          0x0000000000001508        0x0 /usr/lib/gcc/avr/9.2.0/avr5/libgcc.a(_udivmodhi4.o)
 .text          0x0000000000001508        0x0 /usr/lib/gcc/avr/9.2.0/avr5/libgcc.a(_exit.o)
 .text          0x0000000000001508        0x0 /usr/lib/gcc/avr/9.2.0/avr5/libgcc.a(_tablejump2.o)
 .text          0x0000000000001508        0x0 /usr/lib/gcc/avr/9.2.0/avr5/libgcc.a(_copy_data.o)
 .text          0x0000000000001508        0x0 /usr/lib/gcc/avr/9.2.0/avr5/libgcc.a(_clear_bss.o)
 .text          0x0000000000001508        0x0 /usr/lib/gcc/avr/9.2.0/avr5/libgcc.a(_ctors.o)
 .text          0x0000000000001508        0x0 /usr/lib/gcc/avr/9.2.0/../../../../avr/lib/avr5/libm.a(addsf3.o)
 .text          0x0000000000001508        0x0 /usr/lib/gcc/avr/9.2.0/../../../../avr/lib/avr5/libm.a(addsf3x.o)
 .text          0x0000000000001508        0x0 /usr/lib/gcc/avr/9.2.0/../../../../avr/lib/avr5/libm.a(divsf3.o)
 .text          0x0000000000001508        0x0 /usr/lib/gcc/avr/9.2.0/../../../../avr/lib/avr5/libm.a(divsf3x.o)
 .text          0x0000000000001508        0x0 /usr/lib/gcc/avr/9.2.0/../../../../avr/lib/avr5/libm.a(fixunssfsi.o)
 .text          0x0000000000001508        0x0 /usr/lib/gcc/avr/9.2.0/../../../../avr/lib/avr5/libm.a(fp_inf.o)
 .text          0x0000000000001508        0x0 /usr/lib/gcc/avr/9.2.0/../../../../avr/lib/avr5/libm.a(fp_nan.o)
 .text          0x0000000000001508        0x0 /usr/lib/gcc/avr/9.2.0/../../../../avr/lib/avr5/libm.a(fp_pscA.o)
 .text          0x0000000000001508        0x0 /usr/lib/gcc/avr/9.2.0/../../../../avr/lib/avr5/libm.a(fp_pscB.o)
 .text          0x0000000000001508        0x0 /usr/lib/gcc/avr/9.2.0/../../../../avr/lib/avr5/libm.a(fp_round.o)
 .text          0x0000000000001508        0x0 /usr/lib/gcc/avr/9.2.0/../../../../avr/lib/avr5/libm.a(fp_split3.o)
 .text          0x0000000000001508        0x0 /usr/lib/gcc/avr/9.2.0/../../../../avr/lib/avr5/libm.a(fp_zero.o)
 .text          0x0000000000001508        0x0 /usr/lib/gcc/avr/9.2.0/../../../../avr/lib/avr5/libm.a(mulsf3.o)
 .text          0x0000000000001508        0x0 /usr/lib/gcc/avr/9.2.0/../../../../avr/lib/avr5/libm.a(mulsf3x.o)
                0x0000000000001508                . = ALIGN (0x2)
 *(.text.*)
 .text.startup  0x0000000000001508       0xb0 main.o
                0x0000000000001508                main
 .text.libgcc.mul
                0x00000000000015b8        0x0 /usr/lib/gcc/avr/9.2.0/avr5/libgcc.a(_udivmodhi4.o)
 .text.libgcc.div
                0x00000000000015b8       0x28 /usr/lib/gcc/avr/9.2.0/avr5/libgcc.a(_udivmodhi4.o)
                0x00000000000015b8                __udivmodhi4
 .text.libgcc   0x00000000000015e0        0x0 /usr/lib/gcc/avr/9.2.0/avr5/libgcc.a(_udivmodhi4.o)
 .text.libgcc.prologue
                0x00000000000015e0        0x0 /usr/lib/gcc/avr/9.2.0/avr5/libgcc.a(_udivmodhi4.o)
 .text.libgcc.builtins
                0x00000000000015e0        0x0 /usr/lib/gcc/avr/9.2.0/avr5/libgcc.a(_udivmodhi4.o)
 .text.libgcc.fmul
                0x00000000000015e0        0x0 /usr/lib/gcc/avr/9.2.0/avr5/libgcc.a(_udivmodhi4.o)
 .text.libgcc.fixed
                0x00000000000015e0        0x0 /usr/lib/gcc/avr/9.2.0/avr5/libgcc.a(_udivmodhi4.o)
 .text.libgcc.mul
                0x00000000000015e0        0x0 /usr/lib/gcc/avr/9.2.0/avr5/libgcc.a(_exit.o)
 .text.libgcc.div
                0x00000000000015e0        0x0 /usr/lib/gcc/avr/9.2.0/avr5/libgcc.a(_exit.o)
 .text.libgcc   0x00000000000015e0        0x0 /usr/lib/gcc/avr/9.2.0/avr5/libgcc.a(_exit.o)
 .text.libgcc.prologue
                0x00000000000015e0        0x0 /usr/lib/gcc/avr/9.2.0/avr5/libgcc.a(_exit.o)
 .text.libgcc.builtins
                0x00000000000015e0        0x0 /usr/lib/gcc/avr/9.2.0/avr5/libgcc.a(_exit.o)
 .text.libgcc.fmul
                0x00000000000015e0        0x0 /usr/lib/gcc/avr/9.2.0/avr5/libgcc.a(_exit.o)
 .text.libgcc.fixed
                0x00000000000015e0        0x0 /usr/lib/gcc/avr/9.2.0/avr5/libgcc.a(_exit.o)
 .text.libgcc.mul
                0x00000000000015e0        0x0 /usr/lib/gcc/avr/9.2.0/avr5/libgcc.a(_tablejump2.o)
 .text.libgcc.div
                0x00000000000015e0        0x0 /usr/lib/gcc/avr/9.2.0/avr5/libgcc.a(_tablejump2.o)
 .text.libgcc   0x00000000000015e0        0xc /usr/lib/gcc/avr/9.2.0/avr5/libgcc.a(_tablejump2.o)
                0x00000000000015e0                __tablejump2__
 .text.libgcc.prologue
                0x00000000000015ec        0x0 /usr/lib/gcc/avr/9.2.0/avr5/libgcc.a(_tablejump2.o)
 .text.libgcc.builtins
                0x00000000000015ec        0x0 /usr/lib/gcc/avr/9.2.0/avr5/libgcc.a(_tablejump2.o)
 .text.libgcc.fmul
                0x00000000000015ec        0x0 /usr/lib/gcc/avr/9.2.0/avr5/libgcc.a(_tablejump2.o)
 .text.libgcc.fixed
                0x00000000000015ec        0x0 /usr/lib/gcc/avr/9.2.0/avr5/libgcc.a(_tablejump2.o)
 .text.libgcc.mul
                0x00000000000015ec        0x0 /usr/lib/gcc/avr/9.2.0/avr5/libgcc.a(_copy_data.o)
 .text.libgcc.div
                0x00000000000015ec        0x0 /usr/lib/gcc/avr/9.2.0/avr5/libgcc.a(_copy_data.o)
 .text.libgcc   0x00000000000015ec        0x0 /usr/lib/gcc/avr/9.2.0/avr5/libgcc.a(_copy_data.o)
 .text.libgcc.prologue
                0x00000000000015ec        0x0 /usr/lib/gcc/avr/9.2.0/avr5/libgcc.a(_copy_data.o)
 .text.libgcc.builtins
                0x00000000000015ec        0x0 /usr/lib/gcc/avr/9.2.0/avr5/libgcc.a(_copy_data.o)
 .text.libgcc.fmul
                0x00000000000015ec        0x0 /usr/lib/gcc/avr/9.2.0/avr5/libgcc.a(_copy_data.o)
 .text.libgcc.fixed
                0x00000000000015ec        0x0 /usr/lib/gcc/avr/9.2.0/avr5/libgcc.a(_copy_data.o)
 .text.libgcc.mul
                0x00000000000015ec        0x0 /usr/lib/gcc/avr/9.2.0/avr5/libgcc.a(_clear_bss.o)
 .text.libgcc.div
                0x00000000000015ec        0x0 /usr/lib/gcc/avr/9.2.0/avr5/libgcc.a(_clear_bss.o)
 .text.libgcc   0x00000000000015ec        0x0 /usr/lib/gcc/avr/9.2.0/avr5/libgcc.a(_clear_bss.o)
 .text.libgcc.prologue
                0x00000000000015ec        0x0 /usr/lib/gcc/avr/9.2.0/avr5/libgcc.a(_clear_bss.o)
 .text.libgcc.builtins
                0x00000000000015ec        0x0 /usr/lib/gcc/avr/9.2.0/avr5/libgcc.a(_clear_bss.o)
 .text.libgcc.fmul
                0x00000000000015ec        0x0 /usr/lib/gcc/avr/9.2.0/avr5/libgcc.a(_clear_bss.o)
 .text.libgcc.fixed
                0x00000000000015ec        0x0 /usr/lib/gcc/avr/9.2.0/avr5/libgcc.a(_clear_bss.o)
 .text.libgcc.mul
                0x00000000000015ec        0x0 /usr/lib/gcc/avr/9.2.0/avr5/libgcc.a(_ctors.o)
 .text.libgcc.div
                0x00000000000015ec        0x0 /usr/lib/gcc/avr/9.2.0/avr5/libgcc.a(_ctors.o)
 .text.libgcc   0x00000000000015ec        0x0 /usr/lib/gcc/avr/9.2.0/avr5/libgcc.a(_ctors.o)
 .text.libgcc.prologue
                0x00000000000015ec        0x0 /usr/lib/gcc/avr/9.2.0/avr5/libgcc.a(_ctors.o)
 .text.libgcc.builtins
                0x00000000000015ec        0x0 /usr/lib/gcc/avr/9.2.0/avr5/libgcc.a(_ctors.o)
 .text.libgcc.fmul
                0x00000000000015ec        0x0 /usr/lib/gcc/avr/9.2.0/avr5/libgcc.a(_ctors.o)
 .text.libgcc.fixed
                0x00000000000015ec        0x0 /usr/lib/gcc/avr/9.2.0/avr5/libgcc.a(_ctors.o)
 .text.avr-libc.fplib
                0x00000000000015ec        0xe /usr/lib/gcc/avr/9.2.0/../../../../avr/lib/avr5/libm.a(addsf3.o)
                0x00000000000015ec                __subsf3
                0x00000000000015ee                __addsf3
 .text.avr-libc.fplib
                0x00000000000015fa       0xcc /usr/lib/gcc/avr/9.2.0/../../../../avr/lib/avr5/libm.a(addsf3x.o)
                0x000000000000161c                __addsf3x
 .text.avr-libc.fplib
                0x00000000000016c6        0x8 /usr/lib/gcc/avr/9.2.0/../../../../avr/lib/avr5/libm.a(divsf3.o)
                0x00000000000016c6                __divsf3
 .text.avr-libc.fplib
                0x00000000000016ce       0xdc /usr/lib/gcc/avr/9.2.0/../../../../avr/lib/avr5/libm.a(divsf3x.o)
                0x00000000000016ee                __divsf3x
                0x00000000000016f4                __divsf3_pse
 .text.avr-libc.fplib
                0x00000000000017aa       0x5e /usr/lib/gcc/avr/9.2.0/../../../../avr/lib/avr5/libm.a(fixunssfsi.o)
                0x00000000000017aa                __fixunssfsi
 .text.avr-libc.fplib
                0x0000000000001808        0xc /usr/lib/gcc/avr/9.2.0/../../../../avr/lib/avr5/libm.a(fp_inf.o)
                0x0000000000001808                __fp_inf
 .text.avr-libc.fplib
                0x0000000000001814        0x6 /usr/lib/gcc/avr/9.2.0/../../../../avr/lib/avr5/libm.a(fp_nan.o)
                0x0000000000001814                __fp_nan
 .text.avr-libc.fplib
                0x000000000000181a        0xe /usr/lib/gcc/avr/9.2.0/../../../../avr/lib/avr5/libm.a(fp_pscA.o)
                0x000000000000181a                __fp_pscA
 .text.avr-libc.fplib
                0x0000000000001828        0xe /usr/lib/gcc/avr/9.2.0/../../../../avr/lib/avr5/libm.a(fp_pscB.o)
                0x0000000000001828                __fp_pscB
 .text.avr-libc.fplib
                0x0000000000001836       0x22 /usr/lib/gcc/avr/9.2.0/../../../../avr/lib/avr5/libm.a(fp_round.o)
                0x0000000000001836                __fp_round
 .text.avr-libc.fplib
                0x0000000000001858       0x44 /usr/lib/gcc/avr/9.2.0/../../../../avr/lib/avr5/libm.a(fp_split3.o)
                0x0000000000001858                __fp_split3
                0x0000000000001868                __fp_splitA
 .text.avr-libc.fplib
                0x000000000000189c        0xe /usr/lib/gcc/avr/9.2.0/../../../../avr/lib/avr5/libm.a(fp_zero.o)
                0x000000000000189c                __fp_zero
                0x000000000000189e                __fp_szero
 .text.avr-libc.fplib
                0x00000000000018aa        0x8 /usr/lib/gcc/avr/9.2.0/../../../../avr/lib/avr5/libm.a(mulsf3.o)
                0x00000000000018aa                __mulsf3
 .text.avr-libc.fplib
                0x00000000000018b2       0xd2 /usr/lib/gcc/avr/9.2.0/../../../../avr/lib/avr5/libm.a(mulsf3x.o)
                0x00000000000018d0                __mulsf3x
                0x00000000000018d6                __mulsf3_pse
                0x0000000000001984                . = ALIGN (0x2)
 *(.fini9)
 .fini9         0x0000000000001984        0x0 /usr/lib/gcc/avr/9.2.0/avr5/libgcc.a(_exit.o)
                0x0000000000001984                exit
                0x0000000000001984                _exit
 *(.fini9)
 *(.fini8)
 *(.fini8)
 *(.fini7)
 *(.fini7)
 *(.fini6)
 *(.fini6)
 *(.fini5)
 *(.fini5)
 *(.fini4)
 *(.fini4)
 *(.fini3)
 *(.fini3)
 *(.fini2)
 *(.fini2)
 *(.fini1)
 *(.fini1)
 *(.fini0)
 .fini0         0x0000000000001984        0x4 /usr/lib/gcc/avr/9.2.0/avr5/libgcc.a(_exit.o)
 *(.fini0)
 *(.hightext)
 *(.hightext*)
 *(.progmemx.*)
                0x0000000000001988                . = ALIGN (0x2)
 *(.jumptables)
 *(.jumptables*)
 .jumptables.gcc._ZN24SuiveurLigneCytron_LSS0517verifierConditionE14TYPE_DETECTION
                0x0000000000001988       0x12 ../lib/librob.a(SuiveurLigneCytron_LSS05.o)
 .jumptables.gcc._ZN24SuiveurLigneCytron_LSS0511corrigerPWMEhh
                0x000000000000199a       0x12 ../lib/librob.a(SuiveurLigneCytron_LSS05.o)
                0x00000000000019ac                _etext = .

.data           0x0000000000800100       0xca load address 0x00000000000019ac
                0x0000000000800100                PROVIDE (__data_start = .)
 *(.data)
 .data          0x0000000000800100        0x0 /usr/lib/gcc/avr/9.2.0/../../../../avr/lib/avr5/crtatmega324pa.o
 .data          0x0000000000800100        0x1 main.o
                0x0000000000800100                actualiserLCD
 .data          0x0000000000800101        0x0 robot.o
 .data          0x0000000000800101        0x0 ../lib/librob.a(commun.o)
 .data          0x0000000000800101        0x0 ../lib/librob.a(notes.o)
 .data          0x0000000000800101        0x0 ../lib/librob.a(display.o)
 .data          0x0000000000800101        0x0 ../lib/librob.a(del.o)
 .data          0x0000000000800101        0x0 ../lib/librob.a(moteur.o)
 .data          0x0000000000800101        0x0 ../lib/librob.a(sonar.o)
 .data          0x0000000000800101        0x0 ../lib/librob.a(interrupt.o)
 .data          0x0000000000800101        0x0 ../lib/librob.a(minuterie.o)
 .data          0x0000000000800101        0x0 ../lib/librob.a(lcm_so1602dtr_m.o)
 .data          0x0000000000800101        0x1 ../lib/librob.a(SuiveurLigneCytron_LSS05.o)
 .data          0x0000000000800102        0x0 /usr/lib/gcc/avr/9.2.0/avr5/libgcc.a(_udivmodhi4.o)
 .data          0x0000000000800102        0x0 /usr/lib/gcc/avr/9.2.0/avr5/libgcc.a(_exit.o)
 .data          0x0000000000800102        0x0 /usr/lib/gcc/avr/9.2.0/avr5/libgcc.a(_tablejump2.o)
 .data          0x0000000000800102        0x0 /usr/lib/gcc/avr/9.2.0/avr5/libgcc.a(_copy_data.o)
 .data          0x0000000000800102        0x0 /usr/lib/gcc/avr/9.2.0/avr5/libgcc.a(_clear_bss.o)
 .data          0x0000000000800102        0x0 /usr/lib/gcc/avr/9.2.0/avr5/libgcc.a(_ctors.o)
 .data          0x0000000000800102        0x0 /usr/lib/gcc/avr/9.2.0/../../../../avr/lib/avr5/libm.a(addsf3.o)
 .data          0x0000000000800102        0x0 /usr/lib/gcc/avr/9.2.0/../../../../avr/lib/avr5/libm.a(addsf3x.o)
 .data          0x0000000000800102        0x0 /usr/lib/gcc/avr/9.2.0/../../../../avr/lib/avr5/libm.a(divsf3.o)
 .data          0x0000000000800102        0x0 /usr/lib/gcc/avr/9.2.0/../../../../avr/lib/avr5/libm.a(divsf3x.o)
 .data          0x0000000000800102        0x0 /usr/lib/gcc/avr/9.2.0/../../../../avr/lib/avr5/libm.a(fixunssfsi.o)
 .data          0x0000000000800102        0x0 /usr/lib/gcc/avr/9.2.0/../../../../avr/lib/avr5/libm.a(fp_inf.o)
 .data          0x0000000000800102        0x0 /usr/lib/gcc/avr/9.2.0/../../../../avr/lib/avr5/libm.a(fp_nan.o)
 .data          0x0000000000800102        0x0 /usr/lib/gcc/avr/9.2.0/../../../../avr/lib/avr5/libm.a(fp_pscA.o)
 .data          0x0000000000800102        0x0 /usr/lib/gcc/avr/9.2.0/../../../../avr/lib/avr5/libm.a(fp_pscB.o)
 .data          0x0000000000800102        0x0 /usr/lib/gcc/avr/9.2.0/../../../../avr/lib/avr5/libm.a(fp_round.o)
 .data          0x0000000000800102        0x0 /usr/lib/gcc/avr/9.2.0/../../../../avr/lib/avr5/libm.a(fp_split3.o)
 .data          0x0000000000800102        0x0 /usr/lib/gcc/avr/9.2.0/../../../../avr/lib/avr5/libm.a(fp_zero.o)
 .data          0x0000000000800102        0x0 /usr/lib/gcc/avr/9.2.0/../../../../avr/lib/avr5/libm.a(mulsf3.o)
 .data          0x0000000000800102        0x0 /usr/lib/gcc/avr/9.2.0/../../../../avr/lib/avr5/libm.a(mulsf3x.o)
 *(.data*)
 *(.gnu.linkonce.d*)
 *(.rodata)
 .rodata        0x0000000000800102       0x94 ../lib/librob.a(notes.o)
 *(.rodata*)
 .rodata.str1.1
                0x0000000000800196       0x34 robot.o
 *(.gnu.linkonce.r*)
                0x00000000008001ca                . = ALIGN (0x2)
                0x00000000008001ca                _edata = .
                0x00000000008001ca                PROVIDE (__data_end = .)

.bss            0x00000000008001ca       0x15
                0x00000000008001ca                PROVIDE (__bss_start = .)
 *(.bss)
 .bss           0x00000000008001ca        0x0 /usr/lib/gcc/avr/9.2.0/../../../../avr/lib/avr5/crtatmega324pa.o
 .bss           0x00000000008001ca        0xc main.o
                0x00000000008001ca                boutonInterruptAppuye
                0x00000000008001cb                nbAppuies
                0x00000000008001cc                bouttonPoussoir
                0x00000000008001d1                bouttonBlanc
 .bss           0x00000000008001d6        0x0 robot.o
 .bss           0x00000000008001d6        0x0 ../lib/librob.a(commun.o)
 .bss           0x00000000008001d6        0x0 ../lib/librob.a(notes.o)
 .bss           0x00000000008001d6        0x0 ../lib/librob.a(display.o)
 .bss           0x00000000008001d6        0x0 ../lib/librob.a(del.o)
 .bss           0x00000000008001d6        0x0 ../lib/librob.a(moteur.o)
 .bss           0x00000000008001d6        0x0 ../lib/librob.a(sonar.o)
 .bss           0x00000000008001d6        0x0 ../lib/librob.a(interrupt.o)
 .bss           0x00000000008001d6        0x0 ../lib/librob.a(minuterie.o)
 .bss           0x00000000008001d6        0x0 ../lib/librob.a(lcm_so1602dtr_m.o)
 .bss           0x00000000008001d6        0x9 ../lib/librob.a(SuiveurLigneCytron_LSS05.o)
 .bss           0x00000000008001df        0x0 /usr/lib/gcc/avr/9.2.0/avr5/libgcc.a(_udivmodhi4.o)
 .bss           0x00000000008001df        0x0 /usr/lib/gcc/avr/9.2.0/avr5/libgcc.a(_exit.o)
 .bss           0x00000000008001df        0x0 /usr/lib/gcc/avr/9.2.0/avr5/libgcc.a(_tablejump2.o)
 .bss           0x00000000008001df        0x0 /usr/lib/gcc/avr/9.2.0/avr5/libgcc.a(_copy_data.o)
 .bss           0x00000000008001df        0x0 /usr/lib/gcc/avr/9.2.0/avr5/libgcc.a(_clear_bss.o)
 .bss           0x00000000008001df        0x0 /usr/lib/gcc/avr/9.2.0/avr5/libgcc.a(_ctors.o)
 .bss           0x00000000008001df        0x0 /usr/lib/gcc/avr/9.2.0/../../../../avr/lib/avr5/libm.a(addsf3.o)
 .bss           0x00000000008001df        0x0 /usr/lib/gcc/avr/9.2.0/../../../../avr/lib/avr5/libm.a(addsf3x.o)
 .bss           0x00000000008001df        0x0 /usr/lib/gcc/avr/9.2.0/../../../../avr/lib/avr5/libm.a(divsf3.o)
 .bss           0x00000000008001df        0x0 /usr/lib/gcc/avr/9.2.0/../../../../avr/lib/avr5/libm.a(divsf3x.o)
 .bss           0x00000000008001df        0x0 /usr/lib/gcc/avr/9.2.0/../../../../avr/lib/avr5/libm.a(fixunssfsi.o)
 .bss           0x00000000008001df        0x0 /usr/lib/gcc/avr/9.2.0/../../../../avr/lib/avr5/libm.a(fp_inf.o)
 .bss           0x00000000008001df        0x0 /usr/lib/gcc/avr/9.2.0/../../../../avr/lib/avr5/libm.a(fp_nan.o)
 .bss           0x00000000008001df        0x0 /usr/lib/gcc/avr/9.2.0/../../../../avr/lib/avr5/libm.a(fp_pscA.o)
 .bss           0x00000000008001df        0x0 /usr/lib/gcc/avr/9.2.0/../../../../avr/lib/avr5/libm.a(fp_pscB.o)
 .bss           0x00000000008001df        0x0 /usr/lib/gcc/avr/9.2.0/../../../../avr/lib/avr5/libm.a(fp_round.o)
 .bss           0x00000000008001df        0x0 /usr/lib/gcc/avr/9.2.0/../../../../avr/lib/avr5/libm.a(fp_split3.o)
 .bss           0x00000000008001df        0x0 /usr/lib/gcc/avr/9.2.0/../../../../avr/lib/avr5/libm.a(fp_zero.o)
 .bss           0x00000000008001df        0x0 /usr/lib/gcc/avr/9.2.0/../../../../avr/lib/avr5/libm.a(mulsf3.o)
 .bss           0x00000000008001df        0x0 /usr/lib/gcc/avr/9.2.0/../../../../avr/lib/avr5/libm.a(mulsf3x.o)
 *(.bss*)
 *(COMMON)
                0x00000000008001df                PROVIDE (__bss_end = .)
                0x00000000000019ac                __data_load_start = LOADADDR (.data)
                0x0000000000001a76                __data_load_end = (__data_load_start + SIZEOF (.data))

.noinit         0x00000000008001df        0x0
                [!provide]                        PROVIDE (__noinit_start = .)
 *(.noinit*)
                [!provide]                        PROVIDE (__noinit_end = .)
                0x00000000008001df                _end = .
                [!provide]                        PROVIDE (__heap_start = .)

.eeprom         0x0000000000810000        0x0
 *(.eeprom*)
                0x0000000000810000                __eeprom_end = .

.fuse
 *(.fuse)
 *(.lfuse)
 *(.hfuse)
 *(.efuse)

.lock
 *(.lock*)

.signature
 *(.signature*)

.stab           0x0000000000000000     0x7cbc
 *(.stab)
 .stab          0x0000000000000000      0x9c0 main.o
 .stab          0x00000000000009c0     0x1164 robot.o
                                       0x1170 (size before relaxing)
 .stab          0x0000000000001b24      0x678 ../lib/librob.a(commun.o)
                                        0x684 (size before relaxing)
 .stab          0x000000000000219c      0x6fc ../lib/librob.a(notes.o)
                                        0x708 (size before relaxing)
 .stab          0x0000000000002898      0x6cc ../lib/librob.a(display.o)
                                        0x6d8 (size before relaxing)
 .stab          0x0000000000002f64      0xa20 ../lib/librob.a(del.o)
                                        0xa2c (size before relaxing)
 .stab          0x0000000000003984     0x1044 ../lib/librob.a(moteur.o)
                                       0x1050 (size before relaxing)
 .stab          0x00000000000049c8      0x708 ../lib/librob.a(sonar.o)
                                        0x714 (size before relaxing)
 .stab          0x00000000000050d0      0x93c ../lib/librob.a(interrupt.o)
                                        0x948 (size before relaxing)
 .stab          0x0000000000005a0c      0x6f0 ../lib/librob.a(minuterie.o)
                                        0x6fc (size before relaxing)
 .stab          0x00000000000060fc      0xccc ../lib/librob.a(lcm_so1602dtr_m.o)
                                        0xcd8 (size before relaxing)
 .stab          0x0000000000006dc8      0xef4 ../lib/librob.a(SuiveurLigneCytron_LSS05.o)
                                        0xf00 (size before relaxing)

.stabstr        0x0000000000000000     0x5bd3
 *(.stabstr)
 .stabstr       0x0000000000000000     0x5bd3 main.o

.stab.excl
 *(.stab.excl)

.stab.exclstr
 *(.stab.exclstr)

.stab.index
 *(.stab.index)

.stab.indexstr
 *(.stab.indexstr)

.comment        0x0000000000000000       0x11
 *(.comment)
 .comment       0x0000000000000000       0x11 main.o
                                         0x12 (size before relaxing)
 .comment       0x0000000000000011       0x12 robot.o
 .comment       0x0000000000000011       0x12 ../lib/librob.a(commun.o)
 .comment       0x0000000000000011       0x12 ../lib/librob.a(notes.o)
 .comment       0x0000000000000011       0x12 ../lib/librob.a(display.o)
 .comment       0x0000000000000011       0x12 ../lib/librob.a(del.o)
 .comment       0x0000000000000011       0x12 ../lib/librob.a(moteur.o)
 .comment       0x0000000000000011       0x12 ../lib/librob.a(sonar.o)
 .comment       0x0000000000000011       0x12 ../lib/librob.a(interrupt.o)
 .comment       0x0000000000000011       0x12 ../lib/librob.a(minuterie.o)
 .comment       0x0000000000000011       0x12 ../lib/librob.a(lcm_so1602dtr_m.o)
 .comment       0x0000000000000011       0x12 ../lib/librob.a(SuiveurLigneCytron_LSS05.o)

.note.gnu.avr.deviceinfo
                0x0000000000000000       0x40
 .note.gnu.avr.deviceinfo
                0x0000000000000000       0x40 /usr/lib/gcc/avr/9.2.0/../../../../avr/lib/avr5/crtatmega324pa.o

.note.gnu.build-id
 *(.note.gnu.build-id)

.debug
 *(.debug)

.line
 *(.line)

.debug_srcinfo
 *(.debug_srcinfo)

.debug_sfnames
 *(.debug_sfnames)

.debug_aranges
 *(.debug_aranges)

.debug_pubnames
 *(.debug_pubnames)

.debug_info     0x0000000000000000      0x6cc
 *(.debug_info .gnu.linkonce.wi.*)
 .debug_info    0x0000000000000000      0x6cc /usr/lib/gcc/avr/9.2.0/../../../../avr/lib/avr5/crtatmega324pa.o

.debug_abbrev   0x0000000000000000      0x66e
 *(.debug_abbrev)
 .debug_abbrev  0x0000000000000000      0x66e /usr/lib/gcc/avr/9.2.0/../../../../avr/lib/avr5/crtatmega324pa.o

.debug_line     0x0000000000000000       0x1d
 *(.debug_line .debug_line.* .debug_line_end)
 .debug_line    0x0000000000000000       0x1d /usr/lib/gcc/avr/9.2.0/../../../../avr/lib/avr5/crtatmega324pa.o

.debug_frame
 *(.debug_frame)

.debug_str      0x0000000000000000      0x255
 *(.debug_str)
 .debug_str     0x0000000000000000      0x255 /usr/lib/gcc/avr/9.2.0/../../../../avr/lib/avr5/crtatmega324pa.o

.debug_loc
 *(.debug_loc)

.debug_macinfo
 *(.debug_macinfo)

.debug_weaknames
 *(.debug_weaknames)

.debug_funcnames
 *(.debug_funcnames)

.debug_typenames
 *(.debug_typenames)

.debug_varnames
 *(.debug_varnames)

.debug_pubtypes
 *(.debug_pubtypes)

.debug_ranges
 *(.debug_ranges)

.debug_macro
 *(.debug_macro)

.debug_addr
 *(.debug_addr)
OUTPUT(projet.out elf32-avr)
LOAD linker stubs
